Test #0 Range: 131.930115 units, Time: 1.099418 seconds.
Test #1 Range: 981.893311 units, Time: 8.195135 seconds.
Test #2 Range: 1971.849121 units, Time: 16.535772 seconds.
Test #3 Range: 2990.662598 units, Time: 25.286390 seconds.
Test #4 Range: 3976.611084 units, Time: 34.036922 seconds.
Test #5 Range: 4961.289551 units, Time: 43.204224 seconds.
Test #6 Range: 5964.441406 units, Time: 53.206039 seconds.
Test #7 Range: 6979.621094 units, Time: 64.456573 seconds.
Test #8 Range: 7971.375000 units, Time: 77.798256 seconds.
Test #9 Range: 8971.188477 units, Time: 105.726494 seconds.
Test #10 Range: 7984.566895 units, Time: 127.830437 seconds.
Test #11 Range: 6999.214355 units, Time: 135.338760 seconds.
Test #12 Range: 5991.244629 units, Time: 139.922302 seconds.
Test #13 Range: 4989.905273 units, Time: 143.255783 seconds.
Test #14 Range: 3992.240234 units, Time: 145.756012 seconds.
Test #15 Range: 3000.116943 units, Time: 147.839447 seconds.
Test #16 Range: 1994.876343 units, Time: 148.672852 seconds.
Test #17 Range: 998.354980 units, Time: 149.506241 seconds.
Test #18 Range: -0.000786 units, Time: 149.923065 seconds.
